[0.009s][info][gc] Using G1
[0.010s][info][gc,init] Version: 15.0.1+9 (release)
[0.010s][info][gc,init] CPUs: 16 total, 16 available
[0.010s][info][gc,init] Memory: 16384M
[0.010s][info][gc,init] Large Page Support: Disabled
[0.010s][info][gc,init] NUMA Support: Disabled
[0.010s][info][gc,init] Compressed Oops: Enabled (Zero based)
[0.010s][info][gc,init] Heap Region Size: 2M
[0.010s][info][gc,init] Heap Min Capacity: 8M
[0.010s][info][gc,init] Heap Initial Capacity: 256M
[0.010s][info][gc,init] Heap Max Capacity: 4G
[0.010s][info][gc,init] Pre-touch: Disabled
[0.010s][info][gc,init] Parallel Workers: 13
[0.010s][info][gc,init] Concurrent Workers: 3
[0.010s][info][gc,init] Concurrent Refinement Workers: 13
[0.010s][info][gc,init] Periodic GC: Disabled
[0.011s][info][gc,cds ] Mark closed archive regions in map: [0x00000007bfe00000, 0x00000007bfe78ff8]
[0.011s][info][gc,cds ] Mark open archive regions in map: [0x00000007bfd00000, 0x00000007bfd50ff8]
[0.011s][info][gc,metaspace] CDS archive(s) mapped at: [0x0000000800000000-0x0000000800b2d000-0x0000000800b2d000), size 11718656, SharedBaseAddress: 0x0000000800000000, ArchiveRelocationMode: 0.
[0.011s][info][gc,metaspace] Compressed class space mapped at: 0x0000000800b30000-0x0000000840b30000, size: 1073741824
[0.011s][info][gc,metaspace] Narrow klass base: 0x0000000800000000, Narrow klass shift: 3, Narrow klass range: 0x100000000
[2.329s][info][gc,start    ] GC(0) Pause Young (Normal) (G1 Evacuation Pause)
[2.330s][info][gc,task     ] GC(0) Using 6 workers of 13 for evacuation
[2.335s][info][gc,phases   ] GC(0)   Pre Evacuate Collection Set: 0.1ms
[2.335s][info][gc,phases   ] GC(0)   Merge Heap Roots: 0.0ms
[2.335s][info][gc,phases   ] GC(0)   Evacuate Collection Set: 4.2ms
[2.335s][info][gc,phases   ] GC(0)   Post Evacuate Collection Set: 0.3ms
[2.335s][info][gc,phases   ] GC(0)   Other: 0.6ms
[2.335s][info][gc,heap     ] GC(0) Eden regions: 11->0(19)
[2.335s][info][gc,heap     ] GC(0) Survivor regions: 0->2(2)
[2.335s][info][gc,heap     ] GC(0) Old regions: 0->1
[2.335s][info][gc,heap     ] GC(0) Archive regions: 2->2
[2.335s][info][gc,heap     ] GC(0) Humongous regions: 0->0
[2.335s][info][gc,metaspace] GC(0) Metaspace: 3891K(7168K)->3891K(7168K) NonClass: 3420K(6400K)->3420K(6400K) Class: 471K(768K)->471K(768K)
[2.335s][info][gc          ] GC(0) Pause Young (Normal) (G1 Evacuation Pause) 23M->7M(260M) 5.376ms
[2.335s][info][gc,cpu      ] GC(0) User=0.01s Sys=0.01s Real=0.01s
[5.616s][info][gc,start    ] GC(1) Pause Young (Normal) (G1 Evacuation Pause)
[5.616s][info][gc,task     ] GC(1) Using 6 workers of 13 for evacuation
[5.622s][info][gc,phases   ] GC(1)   Pre Evacuate Collection Set: 0.1ms
[5.622s][info][gc,phases   ] GC(1)   Merge Heap Roots: 0.1ms
[5.622s][info][gc,phases   ] GC(1)   Evacuate Collection Set: 4.9ms
[5.622s][info][gc,phases   ] GC(1)   Post Evacuate Collection Set: 0.5ms
[5.622s][info][gc,phases   ] GC(1)   Other: 0.2ms
[5.622s][info][gc,heap     ] GC(1) Eden regions: 19->0(22)
[5.622s][info][gc,heap     ] GC(1) Survivor regions: 2->3(3)
[5.622s][info][gc,heap     ] GC(1) Old regions: 1->3
[5.622s][info][gc,heap     ] GC(1) Archive regions: 2->2
[5.622s][info][gc,heap     ] GC(1) Humongous regions: 0->0
[5.622s][info][gc,metaspace] GC(1) Metaspace: 11034K(13440K)->11034K(13440K) NonClass: 9592K(11776K)->9592K(11776K) Class: 1441K(1664K)->1441K(1664K)
[5.622s][info][gc          ] GC(1) Pause Young (Normal) (G1 Evacuation Pause) 45M->13M(260M) 5.849ms
[5.622s][info][gc,cpu      ] GC(1) User=0.02s Sys=0.01s Real=0.01s
[15.498s][info][gc,start    ] GC(2) Pause Young (Normal) (G1 Evacuation Pause)
[15.498s][info][gc,task     ] GC(2) Using 6 workers of 13 for evacuation
[15.503s][info][gc,phases   ] GC(2)   Pre Evacuate Collection Set: 0.1ms
[15.503s][info][gc,phases   ] GC(2)   Merge Heap Roots: 0.0ms
[15.503s][info][gc,phases   ] GC(2)   Evacuate Collection Set: 3.8ms
[15.503s][info][gc,phases   ] GC(2)   Post Evacuate Collection Set: 0.3ms
[15.503s][info][gc,phases   ] GC(2)   Other: 0.2ms
[15.503s][info][gc,heap     ] GC(2) Eden regions: 22->0(75)
[15.503s][info][gc,heap     ] GC(2) Survivor regions: 3->1(4)
[15.503s][info][gc,heap     ] GC(2) Old regions: 3->6
[15.503s][info][gc,heap     ] GC(2) Archive regions: 2->2
[15.503s][info][gc,heap     ] GC(2) Humongous regions: 0->0
[15.503s][info][gc,metaspace] GC(2) Metaspace: 11527K(13696K)->11527K(13696K) NonClass: 10084K(12032K)->10084K(12032K) Class: 1443K(1664K)->1443K(1664K)
[15.503s][info][gc          ] GC(2) Pause Young (Normal) (G1 Evacuation Pause) 57M->14M(260M) 4.466ms
[15.503s][info][gc,cpu      ] GC(2) User=0.02s Sys=0.00s Real=0.01s
[38.145s][info][gc,heap,exit] Heap
[38.146s][info][gc,heap,exit]  garbage-first heap   total 266240K, used 116886K [0x0000000700000000, 0x0000000800000000)
[38.146s][info][gc,heap,exit]   region size 2048K, 52 young (106496K), 1 survivors (2048K)
[38.146s][info][gc,heap,exit]  Metaspace       used 11711K, capacity 13641K, committed 13952K, reserved 1060864K
[38.146s][info][gc,heap,exit]   class space    used 1444K, capacity 1658K, committed 1664K, reserved 1048576K
